2025-03-25 18:17:37,372   INFO  **********************Start logging**********************
2025-03-25 18:17:37,372   INFO  CUDA_VISIBLE_DEVICES=ALL
2025-03-25 18:17:37,372   INFO  Training with a single process
2025-03-25 18:17:37,372   INFO  cfg_file         /home/vintecc/Vision.Mono/projects/Vision.PointCloudAI/submodules/OpenPcdet/tools/cfgs/custom_models/second.yaml
2025-03-25 18:17:37,372   INFO  batch_size       4
2025-03-25 18:17:37,372   INFO  epochs           80
2025-03-25 18:17:37,372   INFO  workers          4
2025-03-25 18:17:37,372   INFO  extra_tag        default
2025-03-25 18:17:37,372   INFO  ckpt             None
2025-03-25 18:17:37,372   INFO  pretrained_model None
2025-03-25 18:17:37,372   INFO  launcher         none
2025-03-25 18:17:37,372   INFO  tcp_port         18888
2025-03-25 18:17:37,372   INFO  sync_bn          False
2025-03-25 18:17:37,372   INFO  fix_random_seed  False
2025-03-25 18:17:37,372   INFO  ckpt_save_interval 1
2025-03-25 18:17:37,372   INFO  local_rank       None
2025-03-25 18:17:37,372   INFO  max_ckpt_save_num 30
2025-03-25 18:17:37,372   INFO  merge_all_iters_to_one_epoch False
2025-03-25 18:17:37,372   INFO  set_cfgs         None
2025-03-25 18:17:37,372   INFO  max_waiting_mins 0
2025-03-25 18:17:37,372   INFO  start_epoch      0
2025-03-25 18:17:37,372   INFO  num_epochs_to_eval 0
2025-03-25 18:17:37,372   INFO  save_to_file     False
2025-03-25 18:17:37,372   INFO  use_tqdm_to_record False
2025-03-25 18:17:37,372   INFO  logger_iter_interval 50
2025-03-25 18:17:37,373   INFO  ckpt_save_time_interval 300
2025-03-25 18:17:37,373   INFO  wo_gpu_stat      False
2025-03-25 18:17:37,373   INFO  use_amp          False
2025-03-25 18:17:37,373   INFO  cfg.ROOT_DIR: /home/vintecc/Vision.Mono/projects/Vision.PointCloudAI/submodules/OpenPcdet
2025-03-25 18:17:37,373   INFO  cfg.LOCAL_RANK: 0
2025-03-25 18:17:37,373   INFO  cfg.CLASS_NAMES: ['Car', 'Pedestrian', 'Cyclist']
2025-03-25 18:17:37,373   INFO  ----------- DATA_CONFIG -----------
2025-03-25 18:17:37,373   INFO  cfg.DATA_CONFIG.DATASET: CustomDataset
2025-03-25 18:17:37,373   INFO  cfg.DATA_CONFIG.DATA_PATH: ../data/custom
2025-03-25 18:17:37,373   INFO  cfg.DATA_CONFIG.POINT_CLOUD_RANGE: [-75.2, -75.2, -2, 75.2, 75.2, 4]
2025-03-25 18:17:37,373   INFO  ----------- MAP_CLASS_TO_KITTI -----------
2025-03-25 18:17:37,373   INFO  cfg.DATA_CONFIG.MAP_CLASS_TO_KITTI.Car: Car
2025-03-25 18:17:37,373   INFO  cfg.DATA_CONFIG.MAP_CLASS_TO_KITTI.Pedestrian: Pedestrian
2025-03-25 18:17:37,373   INFO  cfg.DATA_CONFIG.MAP_CLASS_TO_KITTI.Cyclist: Cyclist
2025-03-25 18:17:37,373   INFO  ----------- DATA_SPLIT -----------
2025-03-25 18:17:37,373   INFO  cfg.DATA_CONFIG.DATA_SPLIT.train: train
2025-03-25 18:17:37,373   INFO  cfg.DATA_CONFIG.DATA_SPLIT.test: val
2025-03-25 18:17:37,373   INFO  ----------- INFO_PATH -----------
2025-03-25 18:17:37,373   INFO  cfg.DATA_CONFIG.INFO_PATH.train: ['custom_infos_train.pkl']
2025-03-25 18:17:37,373   INFO  cfg.DATA_CONFIG.INFO_PATH.test: ['custom_infos_val.pkl']
2025-03-25 18:17:37,373   INFO  ----------- POINT_FEATURE_ENCODING -----------
2025-03-25 18:17:37,373   INFO  cfg.DATA_CONFIG.POINT_FEATURE_ENCODING.encoding_type: absolute_coordinates_encoding
2025-03-25 18:17:37,373   INFO  cfg.DATA_CONFIG.POINT_FEATURE_ENCODING.used_feature_list: ['x', 'y', 'z', 'intensity']
2025-03-25 18:17:37,373   INFO  cfg.DATA_CONFIG.POINT_FEATURE_ENCODING.src_feature_list: ['x', 'y', 'z', 'intensity']
2025-03-25 18:17:37,373   INFO  ----------- DATA_AUGMENTOR -----------
2025-03-25 18:17:37,373   INFO  cfg.DATA_CONFIG.DATA_AUGMENTOR.DISABLE_AUG_LIST: ['placeholder']
2025-03-25 18:17:37,373   INFO  cfg.DATA_CONFIG.DATA_AUGMENTOR.AUG_CONFIG_LIST: [{'NAME': 'gt_sampling', 'USE_ROAD_PLANE': False, 'DB_INFO_PATH': ['custom_dbinfos_train.pkl'], 'PREPARE': {}, 'SAMPLE_GROUPS': ['Car:1', 'Pedestrian:1', 'Cyclist:1'], 'NUM_POINT_FEATURES': 4, 'DATABASE_WITH_FAKELIDAR': False, 'REMOVE_EXTRA_WIDTH': [0.0, 0.0, 0.0], 'LIMIT_WHOLE_SCENE': True}, {'NAME': 'random_world_flip', 'ALONG_AXIS_LIST': ['x', 'y']}, {'NAME': 'random_world_rotation', 'WORLD_ROT_ANGLE': [-0.78539816, 0.78539816]}, {'NAME': 'random_world_scaling', 'WORLD_SCALE_RANGE': [0.95, 1.05]}]
2025-03-25 18:17:37,373   INFO  cfg.DATA_CONFIG.DATA_PROCESSOR: [{'NAME': 'mask_points_and_boxes_outside_range', 'REMOVE_OUTSIDE_BOXES': True}, {'NAME': 'shuffle_points', 'SHUFFLE_ENABLED': {'train': True, 'test': False}}, {'NAME': 'transform_points_to_voxels', 'VOXEL_SIZE': [0.1, 0.1, 0.15], 'MAX_POINTS_PER_VOXEL': 5, 'MAX_NUMBER_OF_VOXELS': {'train': 150000, 'test': 150000}}]
2025-03-25 18:17:37,373   INFO  cfg.DATA_CONFIG._BASE_CONFIG_: cfgs/dataset_configs/custom_dataset.yaml
2025-03-25 18:17:37,373   INFO  ----------- MODEL -----------
2025-03-25 18:17:37,373   INFO  cfg.MODEL.NAME: SECONDNet
2025-03-25 18:17:37,373   INFO  ----------- VFE -----------
2025-03-25 18:17:37,373   INFO  cfg.MODEL.VFE.NAME: MeanVFE
2025-03-25 18:17:37,373   INFO  ----------- BACKBONE_3D -----------
2025-03-25 18:17:37,373   INFO  cfg.MODEL.BACKBONE_3D.NAME: VoxelBackBone8x
2025-03-25 18:17:37,373   INFO  ----------- MAP_TO_BEV -----------
2025-03-25 18:17:37,373   INFO  cfg.MODEL.MAP_TO_BEV.NAME: HeightCompression
2025-03-25 18:17:37,373   INFO  cfg.MODEL.MAP_TO_BEV.NUM_BEV_FEATURES: 256
2025-03-25 18:17:37,373   INFO  ----------- BACKBONE_2D -----------
2025-03-25 18:17:37,373   INFO  cfg.MODEL.BACKBONE_2D.NAME: BaseBEVBackbone
2025-03-25 18:17:37,373   INFO  cfg.MODEL.BACKBONE_2D.LAYER_NUMS: [5, 5]
2025-03-25 18:17:37,373   INFO  cfg.MODEL.BACKBONE_2D.LAYER_STRIDES: [1, 2]
2025-03-25 18:17:37,373   INFO  cfg.MODEL.BACKBONE_2D.NUM_FILTERS: [128, 256]
2025-03-25 18:17:37,373   INFO  cfg.MODEL.BACKBONE_2D.UPSAMPLE_STRIDES: [1, 2]
2025-03-25 18:17:37,373   INFO  cfg.MODEL.BACKBONE_2D.NUM_UPSAMPLE_FILTERS: [256, 256]
2025-03-25 18:17:37,373   INFO  ----------- DENSE_HEAD -----------
2025-03-25 18:17:37,373   INFO  cfg.MODEL.DENSE_HEAD.NAME: AnchorHeadSingle
2025-03-25 18:17:37,373   INFO  cfg.MODEL.DENSE_HEAD.CLASS_AGNOSTIC: False
2025-03-25 18:17:37,373   INFO  cfg.MODEL.DENSE_HEAD.USE_DIRECTION_CLASSIFIER: True
2025-03-25 18:17:37,373   INFO  cfg.MODEL.DENSE_HEAD.DIR_OFFSET: 0.78539
2025-03-25 18:17:37,373   INFO  cfg.MODEL.DENSE_HEAD.DIR_LIMIT_OFFSET: 0.0
2025-03-25 18:17:37,373   INFO  cfg.MODEL.DENSE_HEAD.NUM_DIR_BINS: 2
2025-03-25 18:17:37,373   INFO  cfg.MODEL.DENSE_HEAD.ANCHOR_GENERATOR_CONFIG: [{'class_name': 'Car', 'anchor_sizes': [[3.9, 1.6, 1.56]], 'anchor_rotations': [0, 1.57], 'anchor_bottom_heights': [0], 'align_center': False, 'feature_map_stride': 8, 'matched_threshold': 0.55, 'unmatched_threshold': 0.4}, {'class_name': 'Pedestrian', 'anchor_sizes': [[0.8, 0.6, 1.73]], 'anchor_rotations': [0, 1.57], 'anchor_bottom_heights': [0], 'align_center': False, 'feature_map_stride': 8, 'matched_threshold': 0.5, 'unmatched_threshold': 0.35}, {'class_name': 'Cyclist', 'anchor_sizes': [[1.76, 0.6, 1.73]], 'anchor_rotations': [0, 1.57], 'anchor_bottom_heights': [0], 'align_center': False, 'feature_map_stride': 8, 'matched_threshold': 0.5, 'unmatched_threshold': 0.35}]
2025-03-25 18:17:37,373   INFO  ----------- TARGET_ASSIGNER_CONFIG -----------
2025-03-25 18:17:37,373   INFO  cfg.MODEL.DENSE_HEAD.TARGET_ASSIGNER_CONFIG.NAME: AxisAlignedTargetAssigner
2025-03-25 18:17:37,373   INFO  cfg.MODEL.DENSE_HEAD.TARGET_ASSIGNER_CONFIG.POS_FRACTION: -1.0
2025-03-25 18:17:37,373   INFO  cfg.MODEL.DENSE_HEAD.TARGET_ASSIGNER_CONFIG.SAMPLE_SIZE: 512
2025-03-25 18:17:37,373   INFO  cfg.MODEL.DENSE_HEAD.TARGET_ASSIGNER_CONFIG.NORM_BY_NUM_EXAMPLES: False
2025-03-25 18:17:37,373   INFO  cfg.MODEL.DENSE_HEAD.TARGET_ASSIGNER_CONFIG.MATCH_HEIGHT: False
2025-03-25 18:17:37,374   INFO  cfg.MODEL.DENSE_HEAD.TARGET_ASSIGNER_CONFIG.BOX_CODER: ResidualCoder
2025-03-25 18:17:37,374   INFO  ----------- LOSS_CONFIG -----------
2025-03-25 18:17:37,374   INFO  ----------- LOSS_WEIGHTS -----------
2025-03-25 18:17:37,374   INFO  cfg.MODEL.DENSE_HEAD.LOSS_CONFIG.LOSS_WEIGHTS.cls_weight: 1.0
2025-03-25 18:17:37,374   INFO  cfg.MODEL.DENSE_HEAD.LOSS_CONFIG.LOSS_WEIGHTS.loc_weight: 2.0
2025-03-25 18:17:37,374   INFO  cfg.MODEL.DENSE_HEAD.LOSS_CONFIG.LOSS_WEIGHTS.dir_weight: 0.2
2025-03-25 18:17:37,374   INFO  cfg.MODEL.DENSE_HEAD.LOSS_CONFIG.LOSS_WEIGHTS.code_weights: [1.0, 1.0, 1.0, 1.0, 1.0, 1.0, 1.0]
2025-03-25 18:17:37,374   INFO  ----------- POST_PROCESSING -----------
2025-03-25 18:17:37,374   INFO  cfg.MODEL.POST_PROCESSING.RECALL_THRESH_LIST: [0.3, 0.5, 0.7]
2025-03-25 18:17:37,374   INFO  cfg.MODEL.POST_PROCESSING.SCORE_THRESH: 0.1
2025-03-25 18:17:37,374   INFO  cfg.MODEL.POST_PROCESSING.OUTPUT_RAW_SCORE: False
2025-03-25 18:17:37,374   INFO  cfg.MODEL.POST_PROCESSING.EVAL_METRIC: kitti
2025-03-25 18:17:37,374   INFO  ----------- NMS_CONFIG -----------
2025-03-25 18:17:37,374   INFO  cfg.MODEL.POST_PROCESSING.NMS_CONFIG.MULTI_CLASSES_NMS: False
2025-03-25 18:17:37,374   INFO  cfg.MODEL.POST_PROCESSING.NMS_CONFIG.NMS_TYPE: nms_gpu
2025-03-25 18:17:37,374   INFO  cfg.MODEL.POST_PROCESSING.NMS_CONFIG.NMS_THRESH: 0.85
2025-03-25 18:17:37,374   INFO  cfg.MODEL.POST_PROCESSING.NMS_CONFIG.NMS_PRE_MAXSIZE: 4096
2025-03-25 18:17:37,374   INFO  cfg.MODEL.POST_PROCESSING.NMS_CONFIG.NMS_POST_MAXSIZE: 500
2025-03-25 18:17:37,374   INFO  ----------- OPTIMIZATION -----------
2025-03-25 18:17:37,374   INFO  cfg.OPTIMIZATION.BATCH_SIZE_PER_GPU: 4
2025-03-25 18:17:37,374   INFO  cfg.OPTIMIZATION.NUM_EPOCHS: 80
2025-03-25 18:17:37,374   INFO  cfg.OPTIMIZATION.OPTIMIZER: adam_onecycle
2025-03-25 18:17:37,374   INFO  cfg.OPTIMIZATION.LR: 0.003
2025-03-25 18:17:37,374   INFO  cfg.OPTIMIZATION.WEIGHT_DECAY: 0.01
2025-03-25 18:17:37,374   INFO  cfg.OPTIMIZATION.MOMENTUM: 0.9
2025-03-25 18:17:37,374   INFO  cfg.OPTIMIZATION.MOMS: [0.95, 0.85]
2025-03-25 18:17:37,374   INFO  cfg.OPTIMIZATION.PCT_START: 0.4
2025-03-25 18:17:37,374   INFO  cfg.OPTIMIZATION.DIV_FACTOR: 10
2025-03-25 18:17:37,374   INFO  cfg.OPTIMIZATION.DECAY_STEP_LIST: [35, 45]
2025-03-25 18:17:37,374   INFO  cfg.OPTIMIZATION.LR_DECAY: 0.1
2025-03-25 18:17:37,374   INFO  cfg.OPTIMIZATION.LR_CLIP: 1e-07
2025-03-25 18:17:37,374   INFO  cfg.OPTIMIZATION.LR_WARMUP: False
2025-03-25 18:17:37,374   INFO  cfg.OPTIMIZATION.WARMUP_EPOCH: 1
2025-03-25 18:17:37,374   INFO  cfg.OPTIMIZATION.GRAD_NORM_CLIP: 10
2025-03-25 18:17:37,374   INFO  cfg.TAG: second
2025-03-25 18:17:37,374   INFO  cfg.EXP_GROUP_PATH: home/vintecc/Vision.Mono/projects/Vision.PointCloudAI/submodules/OpenPcdet/tools/cfgs/custom_models
2025-03-25 18:17:37,384   INFO  ----------- Create dataloader & network & optimizer -----------
2025-03-25 18:17:37,386   INFO  Loading Custom dataset.
2025-03-25 18:17:37,386   INFO  Total samples for CUSTOM dataset: 99
2025-03-25 18:17:39,040   INFO  ----------- Model SECONDNet created, param count: 5325576 -----------
2025-03-25 18:17:39,040   INFO  SECONDNet(
  (vfe): MeanVFE()
  (backbone_3d): VoxelBackBone8x(
    (conv_input): SparseSequential(
      (0): SubMConv3d(4, 16, kernel_size=[3, 3, 3], stride=[1, 1, 1], padding=[1, 1, 1], dilation=[1, 1, 1], output_padding=[0, 0, 0], bias=False, algo=ConvAlgo.MaskImplicitGemm)
      (1): BatchNorm1d(16, eps=0.001, momentum=0.01, affine=True, track_running_stats=True)
      (2): ReLU()
    )
    (conv1): SparseSequential(
      (0): SparseSequential(
        (0): SubMConv3d(16, 16, kernel_size=[3, 3, 3], stride=[1, 1, 1], padding=[0, 0, 0], dilation=[1, 1, 1], output_padding=[0, 0, 0], bias=False, algo=ConvAlgo.MaskImplicitGemm)
        (1): BatchNorm1d(16, eps=0.001, momentum=0.01, affine=True, track_running_stats=True)
        (2): ReLU()
      )
    )
    (conv2): SparseSequential(
      (0): SparseSequential(
        (0): SparseConv3d(16, 32, kernel_size=[3, 3, 3], stride=[2, 2, 2], padding=[1, 1, 1], dilation=[1, 1, 1], output_padding=[0, 0, 0], bias=False, algo=ConvAlgo.MaskImplicitGemm)
        (1): BatchNorm1d(32, eps=0.001, momentum=0.01, affine=True, track_running_stats=True)
        (2): ReLU()
      )
      (1): SparseSequential(
        (0): SubMConv3d(32, 32, kernel_size=[3, 3, 3], stride=[1, 1, 1], padding=[0, 0, 0], dilation=[1, 1, 1], output_padding=[0, 0, 0], bias=False, algo=ConvAlgo.MaskImplicitGemm)
        (1): BatchNorm1d(32, eps=0.001, momentum=0.01, affine=True, track_running_stats=True)
        (2): ReLU()
      )
      (2): SparseSequential(
        (0): SubMConv3d(32, 32, kernel_size=[3, 3, 3], stride=[1, 1, 1], padding=[0, 0, 0], dilation=[1, 1, 1], output_padding=[0, 0, 0], bias=False, algo=ConvAlgo.MaskImplicitGemm)
        (1): BatchNorm1d(32, eps=0.001, momentum=0.01, affine=True, track_running_stats=True)
        (2): ReLU()
      )
    )
    (conv3): SparseSequential(
      (0): SparseSequential(
        (0): SparseConv3d(32, 64, kernel_size=[3, 3, 3], stride=[2, 2, 2], padding=[1, 1, 1], dilation=[1, 1, 1], output_padding=[0, 0, 0], bias=False, algo=ConvAlgo.MaskImplicitGemm)
        (1): BatchNorm1d(64, eps=0.001, momentum=0.01, affine=True, track_running_stats=True)
        (2): ReLU()
      )
      (1): SparseSequential(
        (0): SubMConv3d(64, 64, kernel_size=[3, 3, 3], stride=[1, 1, 1], padding=[0, 0, 0], dilation=[1, 1, 1], output_padding=[0, 0, 0], bias=False, algo=ConvAlgo.MaskImplicitGemm)
        (1): BatchNorm1d(64, eps=0.001, momentum=0.01, affine=True, track_running_stats=True)
        (2): ReLU()
      )
      (2): SparseSequential(
        (0): SubMConv3d(64, 64, kernel_size=[3, 3, 3], stride=[1, 1, 1], padding=[0, 0, 0], dilation=[1, 1, 1], output_padding=[0, 0, 0], bias=False, algo=ConvAlgo.MaskImplicitGemm)
        (1): BatchNorm1d(64, eps=0.001, momentum=0.01, affine=True, track_running_stats=True)
        (2): ReLU()
      )
    )
    (conv4): SparseSequential(
      (0): SparseSequential(
        (0): SparseConv3d(64, 64, kernel_size=[3, 3, 3], stride=[2, 2, 2], padding=[0, 1, 1], dilation=[1, 1, 1], output_padding=[0, 0, 0], bias=False, algo=ConvAlgo.MaskImplicitGemm)
        (1): BatchNorm1d(64, eps=0.001, momentum=0.01, affine=True, track_running_stats=True)
        (2): ReLU()
      )
      (1): SparseSequential(
        (0): SubMConv3d(64, 64, kernel_size=[3, 3, 3], stride=[1, 1, 1], padding=[0, 0, 0], dilation=[1, 1, 1], output_padding=[0, 0, 0], bias=False, algo=ConvAlgo.MaskImplicitGemm)
        (1): BatchNorm1d(64, eps=0.001, momentum=0.01, affine=True, track_running_stats=True)
        (2): ReLU()
      )
      (2): SparseSequential(
        (0): SubMConv3d(64, 64, kernel_size=[3, 3, 3], stride=[1, 1, 1], padding=[0, 0, 0], dilation=[1, 1, 1], output_padding=[0, 0, 0], bias=False, algo=ConvAlgo.MaskImplicitGemm)
        (1): BatchNorm1d(64, eps=0.001, momentum=0.01, affine=True, track_running_stats=True)
        (2): ReLU()
      )
    )
    (conv_out): SparseSequential(
      (0): SparseConv3d(64, 128, kernel_size=[3, 1, 1], stride=[2, 1, 1], padding=[0, 0, 0], dilation=[1, 1, 1], output_padding=[0, 0, 0], bias=False, algo=ConvAlgo.MaskImplicitGemm)
      (1): BatchNorm1d(128, eps=0.001, momentum=0.01, affine=True, track_running_stats=True)
      (2): ReLU()
    )
  )
  (map_to_bev_module): HeightCompression()
  (pfe): None
  (backbone_2d): BaseBEVBackbone(
    (blocks): ModuleList(
      (0): Sequential(
        (0): ZeroPad2d((1, 1, 1, 1))
        (1): Conv2d(256, 128, kernel_size=(3, 3), stride=(1, 1), bias=False)
        (2): BatchNorm2d(128, eps=0.001, momentum=0.01, affine=True, track_running_stats=True)
        (3): ReLU()
        (4): Conv2d(128, 128, kernel_size=(3, 3), stride=(1, 1), padding=(1, 1), bias=False)
        (5): BatchNorm2d(128, eps=0.001, momentum=0.01, affine=True, track_running_stats=True)
        (6): ReLU()
        (7): Conv2d(128, 128, kernel_size=(3, 3), stride=(1, 1), padding=(1, 1), bias=False)
        (8): BatchNorm2d(128, eps=0.001, momentum=0.01, affine=True, track_running_stats=True)
        (9): ReLU()
        (10): Conv2d(128, 128, kernel_size=(3, 3), stride=(1, 1), padding=(1, 1), bias=False)
        (11): BatchNorm2d(128, eps=0.001, momentum=0.01, affine=True, track_running_stats=True)
        (12): ReLU()
        (13): Conv2d(128, 128, kernel_size=(3, 3), stride=(1, 1), padding=(1, 1), bias=False)
        (14): BatchNorm2d(128, eps=0.001, momentum=0.01, affine=True, track_running_stats=True)
        (15): ReLU()
        (16): Conv2d(128, 128, kernel_size=(3, 3), stride=(1, 1), padding=(1, 1), bias=False)
        (17): BatchNorm2d(128, eps=0.001, momentum=0.01, affine=True, track_running_stats=True)
        (18): ReLU()
      )
      (1): Sequential(
        (0): ZeroPad2d((1, 1, 1, 1))
        (1): Conv2d(128, 256, kernel_size=(3, 3), stride=(2, 2), bias=False)
        (2): BatchNorm2d(256, eps=0.001, momentum=0.01, affine=True, track_running_stats=True)
        (3): ReLU()
        (4): Conv2d(256, 256, kernel_size=(3, 3), stride=(1, 1), padding=(1, 1), bias=False)
        (5): BatchNorm2d(256, eps=0.001, momentum=0.01, affine=True, track_running_stats=True)
        (6): ReLU()
        (7): Conv2d(256, 256, kernel_size=(3, 3), stride=(1, 1), padding=(1, 1), bias=False)
        (8): BatchNorm2d(256, eps=0.001, momentum=0.01, affine=True, track_running_stats=True)
        (9): ReLU()
        (10): Conv2d(256, 256, kernel_size=(3, 3), stride=(1, 1), padding=(1, 1), bias=False)
        (11): BatchNorm2d(256, eps=0.001, momentum=0.01, affine=True, track_running_stats=True)
        (12): ReLU()
        (13): Conv2d(256, 256, kernel_size=(3, 3), stride=(1, 1), padding=(1, 1), bias=False)
        (14): BatchNorm2d(256, eps=0.001, momentum=0.01, affine=True, track_running_stats=True)
        (15): ReLU()
        (16): Conv2d(256, 256, kernel_size=(3, 3), stride=(1, 1), padding=(1, 1), bias=False)
        (17): BatchNorm2d(256, eps=0.001, momentum=0.01, affine=True, track_running_stats=True)
        (18): ReLU()
      )
    )
    (deblocks): ModuleList(
      (0): Sequential(
        (0): ConvTranspose2d(128, 256, kernel_size=(1, 1), stride=(1, 1), bias=False)
        (1): BatchNorm2d(256, eps=0.001, momentum=0.01, affine=True, track_running_stats=True)
        (2): ReLU()
      )
      (1): Sequential(
        (0): ConvTranspose2d(256, 256, kernel_size=(2, 2), stride=(2, 2), bias=False)
        (1): BatchNorm2d(256, eps=0.001, momentum=0.01, affine=True, track_running_stats=True)
        (2): ReLU()
      )
    )
  )
  (dense_head): AnchorHeadSingle(
    (cls_loss_func): SigmoidFocalClassificationLoss()
    (reg_loss_func): WeightedSmoothL1Loss()
    (dir_loss_func): WeightedCrossEntropyLoss()
    (conv_cls): Conv2d(512, 18, kernel_size=(1, 1), stride=(1, 1))
    (conv_box): Conv2d(512, 42, kernel_size=(1, 1), stride=(1, 1))
    (conv_dir_cls): Conv2d(512, 12, kernel_size=(1, 1), stride=(1, 1))
  )
  (point_head): None
  (roi_head): None
)
2025-03-25 18:17:39,041   INFO  **********************Start training home/vintecc/Vision.Mono/projects/Vision.PointCloudAI/submodules/OpenPcdet/tools/cfgs/custom_models/second(default)**********************
2025-03-25 18:17:49,153   INFO  Train:    1/80 (  1%) [   0/25 (  0%)]  Loss: 102.5 (102.)  LR: 3.000e-04  Time cost: 00:09/04:08 [00:10/5:31:46]  Acc_iter 1           Data time: 0.60(0.60)  Forward time: 9.35(9.35)  Batch time: 9.95(9.95)
2025-03-25 18:17:56,449   INFO  Train:    1/80 (  1%) [  24/25 ( 96%)]  Loss: 3.315 (9.24)  LR: 3.060e-04  Time cost: 00:17/00:00 [00:17/22:43]  Acc_iter 25          Data time: 0.17(0.17)  Forward time: 0.14(0.51)  Batch time: 0.30(0.69)
2025-03-25 18:17:57,366   INFO  Train:    2/80 (  2%) [   0/25 (  0%)]  Loss: 3.221 (3.22)  LR: 3.065e-04  Time cost: 00:00/00:17 [00:18/23:33]  Acc_iter 26          Data time: 0.41(0.41)  Forward time: 0.14(0.14)  Batch time: 0.55(0.55)
2025-03-25 18:18:04,327   INFO  Train:    2/80 (  2%) [  24/25 ( 96%)]  Loss: 3.538 (3.23)  LR: 3.249e-04  Time cost: 00:07/00:00 [00:25/09:59]  Acc_iter 50          Data time: 0.17(0.18)  Forward time: 0.10(0.13)  Batch time: 0.27(0.30)
2025-03-25 18:18:05,279   INFO  Train:    3/80 (  4%) [   0/25 (  0%)]  Loss: 3.159 (3.16)  LR: 3.259e-04  Time cost: 00:00/00:18 [00:26/23:38]  Acc_iter 51          Data time: 0.35(0.35)  Forward time: 0.22(0.22)  Batch time: 0.58(0.58)
2025-03-25 18:18:12,349   INFO  Train:    3/80 (  4%) [  24/25 ( 96%)]  Loss: 3.000 (2.94)  LR: 3.566e-04  Time cost: 00:07/00:00 [00:33/10:00]  Acc_iter 75          Data time: 0.17(0.17)  Forward time: 0.10(0.13)  Batch time: 0.26(0.31)
2025-03-25 18:18:13,423   INFO  Train:    4/80 (  5%) [   0/25 (  0%)]  Loss: 2.836 (2.84)  LR: 3.581e-04  Time cost: 00:00/00:19 [00:34/25:28]  Acc_iter 76          Data time: 0.47(0.47)  Forward time: 0.15(0.15)  Batch time: 0.63(0.63)
2025-03-25 18:18:20,448   INFO  Train:    4/80 (  5%) [  24/25 ( 96%)]  Loss: 1.971 (2.73)  LR: 4.007e-04  Time cost: 00:07/00:00 [00:41/09:54]  Acc_iter 100         Data time: 0.17(0.18)  Forward time: 0.10(0.13)  Batch time: 0.27(0.31)
2025-03-25 18:18:21,395   INFO  Train:    5/80 (  6%) [   0/25 (  0%)]  Loss: 2.838 (2.84)  LR: 4.028e-04  Time cost: 00:00/00:17 [00:42/22:47]  Acc_iter 101         Data time: 0.35(0.35)  Forward time: 0.22(0.22)  Batch time: 0.57(0.57)
2025-03-25 18:18:28,436   INFO  Train:    5/80 (  6%) [  24/25 ( 96%)]  Loss: 1.929 (2.59)  LR: 4.569e-04  Time cost: 00:07/00:00 [00:49/09:42]  Acc_iter 125         Data time: 0.17(0.17)  Forward time: 0.10(0.13)  Batch time: 0.27(0.31)
2025-03-25 18:18:29,399   INFO  Train:    6/80 (  8%) [   0/25 (  0%)]  Loss: 2.294 (2.29)  LR: 4.594e-04  Time cost: 00:00/00:18 [00:50/22:53]  Acc_iter 126         Data time: 0.39(0.39)  Forward time: 0.19(0.19)  Batch time: 0.57(0.57)
2025-03-25 18:18:36,417   INFO  Train:    6/80 (  8%) [  24/25 ( 96%)]  Loss: 2.701 (2.67)  LR: 5.246e-04  Time cost: 00:07/00:00 [00:57/09:33]  Acc_iter 150         Data time: 0.17(0.18)  Forward time: 0.10(0.13)  Batch time: 0.27(0.30)
2025-03-25 18:18:36,424   INFO  
2025-03-25 18:18:37,406   INFO  Train:    7/80 (  9%) [   0/25 (  0%)]  Loss: 2.932 (2.93)  LR: 5.275e-04  Time cost: 00:00/00:18 [00:58/22:17]  Acc_iter 151         Data time: 0.36(0.36)  Forward time: 0.20(0.20)  Batch time: 0.56(0.56)
2025-03-25 18:18:44,409   INFO  Train:    7/80 (  9%) [  24/25 ( 96%)]  Loss: 2.243 (2.51)  LR: 6.031e-04  Time cost: 00:07/00:00 [01:05/09:24]  Acc_iter 175         Data time: 0.17(0.18)  Forward time: 0.10(0.13)  Batch time: 0.27(0.30)
2025-03-25 18:18:45,391   INFO  Train:    8/80 ( 10%) [   0/25 (  0%)]  Loss: 2.329 (2.33)  LR: 6.064e-04  Time cost: 00:00/00:18 [01:06/22:32]  Acc_iter 176         Data time: 0.39(0.39)  Forward time: 0.20(0.20)  Batch time: 0.60(0.60)
2025-03-25 18:18:52,474   INFO  Train:    8/80 ( 10%) [  24/25 ( 96%)]  Loss: 2.576 (2.51)  LR: 6.917e-04  Time cost: 00:07/00:00 [01:13/09:23]  Acc_iter 200         Data time: 0.17(0.18)  Forward time: 0.10(0.13)  Batch time: 0.27(0.31)
2025-03-25 18:18:53,476   INFO  Train:    9/80 ( 11%) [   0/25 (  0%)]  Loss: 1.587 (1.59)  LR: 6.954e-04  Time cost: 00:00/00:19 [01:14/22:59]  Acc_iter 201         Data time: 0.45(0.45)  Forward time: 0.15(0.15)  Batch time: 0.60(0.60)
2025-03-25 18:19:00,540   INFO  Train:    9/80 ( 11%) [  24/25 ( 96%)]  Loss: 1.671 (2.41)  LR: 7.895e-04  Time cost: 00:07/00:00 [01:21/09:16]  Acc_iter 225         Data time: 0.17(0.18)  Forward time: 0.10(0.13)  Batch time: 0.27(0.31)
2025-03-25 18:19:01,511   INFO  Train:   10/80 ( 12%) [   0/25 (  0%)]  Loss: 2.230 (2.23)  LR: 7.936e-04  Time cost: 00:00/00:18 [01:22/21:30]  Acc_iter 226         Data time: 0.38(0.38)  Forward time: 0.20(0.20)  Batch time: 0.57(0.57)
2025-03-25 18:19:08,556   INFO  Train:   10/80 ( 12%) [  24/25 ( 96%)]  Loss: 2.736 (2.60)  LR: 8.956e-04  Time cost: 00:07/00:00 [01:29/09:04]  Acc_iter 250         Data time: 0.17(0.18)  Forward time: 0.10(0.13)  Batch time: 0.27(0.31)
2025-03-25 18:19:09,571   INFO  Train:   11/80 ( 14%) [   0/25 (  0%)]  Loss: 2.288 (2.29)  LR: 9.000e-04  Time cost: 00:00/00:19 [01:30/22:32]  Acc_iter 251         Data time: 0.45(0.45)  Forward time: 0.15(0.15)  Batch time: 0.61(0.61)
2025-03-25 18:19:16,717   INFO  Train:   11/80 ( 14%) [  24/25 ( 96%)]  Loss: 2.277 (2.26)  LR: 1.009e-03  Time cost: 00:07/00:00 [01:37/09:06]  Acc_iter 275         Data time: 0.17(0.18)  Forward time: 0.10(0.13)  Batch time: 0.27(0.31)
2025-03-25 18:19:17,683   INFO  Train:   12/80 ( 15%) [   0/25 (  0%)]  Loss: 2.412 (2.41)  LR: 1.014e-03  Time cost: 00:00/00:18 [01:38/20:48]  Acc_iter 276         Data time: 0.39(0.39)  Forward time: 0.18(0.18)  Batch time: 0.57(0.57)
2025-03-25 18:19:24,809   INFO  Train:   12/80 ( 15%) [  24/25 ( 96%)]  Loss: 2.163 (2.32)  LR: 1.128e-03  Time cost: 00:07/00:00 [01:45/08:54]  Acc_iter 300         Data time: 0.17(0.18)  Forward time: 0.10(0.13)  Batch time: 0.26(0.31)
2025-03-25 18:19:24,816   INFO  
2025-03-25 18:19:25,824   INFO  Train:   13/80 ( 16%) [   0/25 (  0%)]  Loss: 2.638 (2.64)  LR: 1.133e-03  Time cost: 00:00/00:18 [01:46/21:08]  Acc_iter 301         Data time: 0.43(0.43)  Forward time: 0.15(0.15)  Batch time: 0.58(0.58)
2025-03-25 18:19:32,921   INFO  Train:   13/80 ( 16%) [  24/25 ( 96%)]  Loss: 2.086 (2.13)  LR: 1.253e-03  Time cost: 00:07/00:00 [01:53/08:45]  Acc_iter 325         Data time: 0.17(0.18)  Forward time: 0.10(0.13)  Batch time: 0.27(0.31)
2025-03-25 18:19:33,916   INFO  Train:   14/80 ( 18%) [   0/25 (  0%)]  Loss: 1.882 (1.88)  LR: 1.258e-03  Time cost: 00:00/00:19 [01:54/21:22]  Acc_iter 326         Data time: 0.44(0.44)  Forward time: 0.16(0.16)  Batch time: 0.60(0.60)
2025-03-25 18:19:41,010   INFO  Train:   14/80 ( 18%) [  24/25 ( 96%)]  Loss: 2.528 (2.33)  LR: 1.381e-03  Time cost: 00:07/00:00 [02:01/08:39]  Acc_iter 350         Data time: 0.17(0.18)  Forward time: 0.10(0.13)  Batch time: 0.27(0.31)
2025-03-25 18:19:41,956   INFO  Train:   15/80 ( 19%) [   0/25 (  0%)]  Loss: 1.717 (1.72)  LR: 1.387e-03  Time cost: 00:00/00:17 [02:02/19:42]  Acc_iter 351         Data time: 0.38(0.38)  Forward time: 0.17(0.17)  Batch time: 0.55(0.55)
2025-03-25 18:19:49,008   INFO  Train:   15/80 ( 19%) [  24/25 ( 96%)]  Loss: 2.496 (2.17)  LR: 1.512e-03  Time cost: 00:07/00:00 [02:09/08:25]  Acc_iter 375         Data time: 0.17(0.18)  Forward time: 0.10(0.13)  Batch time: 0.27(0.31)
2025-03-25 18:19:49,975   INFO  Train:   16/80 ( 20%) [   0/25 (  0%)]  Loss: 2.574 (2.57)  LR: 1.518e-03  Time cost: 00:00/00:18 [02:10/19:49]  Acc_iter 376         Data time: 0.41(0.41)  Forward time: 0.17(0.17)  Batch time: 0.57(0.57)
2025-03-25 18:19:57,030   INFO  Train:   16/80 ( 20%) [  24/25 ( 96%)]  Loss: 2.506 (2.44)  LR: 1.645e-03  Time cost: 00:07/00:00 [02:17/08:18]  Acc_iter 400         Data time: 0.17(0.18)  Forward time: 0.10(0.13)  Batch time: 0.27(0.31)
2025-03-25 18:19:57,983   INFO  Train:   17/80 ( 21%) [   0/25 (  0%)]  Loss: 1.857 (1.86)  LR: 1.650e-03  Time cost: 00:00/00:17 [02:18/19:01]  Acc_iter 401         Data time: 0.38(0.38)  Forward time: 0.17(0.17)  Batch time: 0.55(0.55)
2025-03-25 18:20:05,036   INFO  Train:   17/80 ( 21%) [  24/25 ( 96%)]  Loss: 1.955 (2.19)  LR: 1.777e-03  Time cost: 00:07/00:00 [02:25/08:09]  Acc_iter 425         Data time: 0.17(0.18)  Forward time: 0.10(0.13)  Batch time: 0.27(0.31)
2025-03-25 18:20:05,979   INFO  Train:   18/80 ( 22%) [   0/25 (  0%)]  Loss: 2.305 (2.30)  LR: 1.782e-03  Time cost: 00:00/00:17 [02:26/18:32]  Acc_iter 426         Data time: 0.36(0.36)  Forward time: 0.18(0.18)  Batch time: 0.54(0.54)
2025-03-25 18:20:13,013   INFO  Train:   18/80 ( 22%) [  24/25 ( 96%)]  Loss: 1.776 (2.25)  LR: 1.908e-03  Time cost: 00:07/00:00 [02:33/08:00]  Acc_iter 450         Data time: 0.17(0.18)  Forward time: 0.10(0.13)  Batch time: 0.27(0.30)
2025-03-25 18:20:13,021   INFO  
2025-03-25 18:20:14,018   INFO  Train:   19/80 ( 24%) [   0/25 (  0%)]  Loss: 1.771 (1.77)  LR: 1.913e-03  Time cost: 00:00/00:18 [02:34/19:04]  Acc_iter 451         Data time: 0.43(0.43)  Forward time: 0.14(0.14)  Batch time: 0.58(0.58)
2025-03-25 18:20:21,068   INFO  Train:   19/80 ( 24%) [  24/25 ( 96%)]  Loss: 1.507 (2.04)  LR: 2.037e-03  Time cost: 00:07/00:00 [02:42/07:55]  Acc_iter 475         Data time: 0.17(0.18)  Forward time: 0.10(0.13)  Batch time: 0.27(0.31)
2025-03-25 18:20:21,998   INFO  Train:   20/80 ( 25%) [   0/25 (  0%)]  Loss: 3.033 (3.03)  LR: 2.042e-03  Time cost: 00:00/00:17 [02:42/17:29]  Acc_iter 476         Data time: 0.36(0.36)  Forward time: 0.17(0.17)  Batch time: 0.53(0.53)
2025-03-25 18:20:29,063   INFO  Train:   20/80 ( 25%) [  24/25 ( 96%)]  Loss: 2.023 (2.26)  LR: 2.162e-03  Time cost: 00:07/00:00 [02:50/07:45]  Acc_iter 500         Data time: 0.17(0.18)  Forward time: 0.10(0.13)  Batch time: 0.27(0.30)
2025-03-25 18:20:30,046   INFO  Train:   21/80 ( 26%) [   0/25 (  0%)]  Loss: 2.400 (2.40)  LR: 2.167e-03  Time cost: 00:00/00:18 [02:51/18:40]  Acc_iter 501         Data time: 0.43(0.43)  Forward time: 0.16(0.16)  Batch time: 0.59(0.59)
2025-03-25 18:20:37,088   INFO  Train:   21/80 ( 26%) [  24/25 ( 96%)]  Loss: 2.723 (2.15)  LR: 2.282e-03  Time cost: 00:07/00:00 [02:58/07:39]  Acc_iter 525         Data time: 0.17(0.18)  Forward time: 0.10(0.13)  Batch time: 0.27(0.31)
2025-03-25 18:20:38,047   INFO  Train:   22/80 ( 28%) [   0/25 (  0%)]  Loss: 1.927 (1.93)  LR: 2.286e-03  Time cost: 00:00/00:18 [02:59/17:55]  Acc_iter 526         Data time: 0.41(0.41)  Forward time: 0.16(0.16)  Batch time: 0.57(0.57)
2025-03-25 18:20:45,099   INFO  Train:   22/80 ( 28%) [  24/25 ( 96%)]  Loss: 2.116 (2.16)  LR: 2.396e-03  Time cost: 00:07/00:00 [03:06/07:31]  Acc_iter 550         Data time: 0.17(0.18)  Forward time: 0.10(0.13)  Batch time: 0.27(0.31)
2025-03-25 18:20:46,060   INFO  Train:   23/80 ( 29%) [   0/25 (  0%)]  Loss: 2.759 (2.76)  LR: 2.400e-03  Time cost: 00:00/00:17 [03:07/17:23]  Acc_iter 551         Data time: 0.37(0.37)  Forward time: 0.18(0.18)  Batch time: 0.55(0.55)
2025-03-25 18:20:53,118   INFO  Train:   23/80 ( 29%) [  24/25 ( 96%)]  Loss: 2.063 (2.16)  LR: 2.502e-03  Time cost: 00:07/00:00 [03:14/07:23]  Acc_iter 575         Data time: 0.17(0.18)  Forward time: 0.10(0.13)  Batch time: 0.27(0.31)
2025-03-25 18:20:54,080   INFO  Train:   24/80 ( 30%) [   0/25 (  0%)]  Loss: 2.241 (2.24)  LR: 2.506e-03  Time cost: 00:00/00:18 [03:15/17:10]  Acc_iter 576         Data time: 0.41(0.41)  Forward time: 0.16(0.16)  Batch time: 0.57(0.57)
2025-03-25 18:21:01,112   INFO  Train:   24/80 ( 30%) [  24/25 ( 96%)]  Loss: 1.773 (2.16)  LR: 2.601e-03  Time cost: 00:07/00:00 [03:22/07:14]  Acc_iter 600         Data time: 0.17(0.18)  Forward time: 0.10(0.13)  Batch time: 0.27(0.31)
2025-03-25 18:21:01,119   INFO  
2025-03-25 18:21:02,112   INFO  Train:   25/80 ( 31%) [   0/25 (  0%)]  Loss: 1.570 (1.57)  LR: 2.605e-03  Time cost: 00:00/00:18 [03:23/17:13]  Acc_iter 601         Data time: 0.42(0.42)  Forward time: 0.16(0.16)  Batch time: 0.59(0.59)
2025-03-25 18:21:09,156   INFO  Train:   25/80 ( 31%) [  24/25 ( 96%)]  Loss: 1.866 (2.03)  LR: 2.690e-03  Time cost: 00:07/00:00 [03:30/07:08]  Acc_iter 625         Data time: 0.17(0.18)  Forward time: 0.10(0.13)  Batch time: 0.27(0.31)
2025-03-25 18:21:10,113   INFO  Train:   26/80 ( 32%) [   0/25 (  0%)]  Loss: 2.723 (2.72)  LR: 2.694e-03  Time cost: 00:00/00:18 [03:31/16:32]  Acc_iter 626         Data time: 0.39(0.39)  Forward time: 0.17(0.17)  Batch time: 0.56(0.56)
2025-03-25 18:21:17,175   INFO  Train:   26/80 ( 32%) [  24/25 ( 96%)]  Loss: 2.002 (1.95)  LR: 2.770e-03  Time cost: 00:07/00:00 [03:38/07:00]  Acc_iter 650         Data time: 0.17(0.18)  Forward time: 0.10(0.13)  Batch time: 0.27(0.31)
2025-03-25 18:21:18,147   INFO  Train:   27/80 ( 34%) [   0/25 (  0%)]  Loss: 2.027 (2.03)  LR: 2.772e-03  Time cost: 00:00/00:18 [03:39/16:33]  Acc_iter 651         Data time: 0.40(0.40)  Forward time: 0.18(0.18)  Batch time: 0.57(0.57)
2025-03-25 18:21:25,186   INFO  Train:   27/80 ( 34%) [  24/25 ( 96%)]  Loss: 3.012 (1.89)  LR: 2.838e-03  Time cost: 00:07/00:00 [03:46/06:52]  Acc_iter 675         Data time: 0.17(0.18)  Forward time: 0.10(0.13)  Batch time: 0.27(0.31)
2025-03-25 18:21:26,142   INFO  Train:   28/80 ( 35%) [   0/25 (  0%)]  Loss: 1.735 (1.73)  LR: 2.841e-03  Time cost: 00:00/00:18 [03:47/15:54]  Acc_iter 676         Data time: 0.38(0.38)  Forward time: 0.17(0.17)  Batch time: 0.56(0.56)
2025-03-25 18:21:33,147   INFO  Train:   28/80 ( 35%) [  24/25 ( 96%)]  Loss: 2.069 (1.97)  LR: 2.895e-03  Time cost: 00:07/00:00 [03:54/06:42]  Acc_iter 700         Data time: 0.17(0.18)  Forward time: 0.10(0.13)  Batch time: 0.26(0.30)
2025-03-25 18:21:34,107   INFO  Train:   29/80 ( 36%) [   0/25 (  0%)]  Loss: 2.926 (2.93)  LR: 2.897e-03  Time cost: 00:00/00:18 [03:55/15:39]  Acc_iter 701         Data time: 0.36(0.36)  Forward time: 0.20(0.20)  Batch time: 0.56(0.56)
2025-03-25 18:21:41,118   INFO  Train:   29/80 ( 36%) [  24/25 ( 96%)]  Loss: 1.746 (1.89)  LR: 2.940e-03  Time cost: 00:07/00:00 [04:02/06:34]  Acc_iter 725         Data time: 0.17(0.18)  Forward time: 0.10(0.13)  Batch time: 0.27(0.30)
2025-03-25 18:21:42,074   INFO  Train:   30/80 ( 38%) [   0/25 (  0%)]  Loss: 2.090 (2.09)  LR: 2.942e-03  Time cost: 00:00/00:17 [04:03/15:05]  Acc_iter 726         Data time: 0.37(0.37)  Forward time: 0.18(0.18)  Batch time: 0.55(0.55)
2025-03-25 18:21:49,130   INFO  Train:   30/80 ( 38%) [  24/25 ( 96%)]  Loss: 1.311 (1.89)  LR: 2.973e-03  Time cost: 00:07/00:00 [04:10/06:28]  Acc_iter 750         Data time: 0.17(0.18)  Forward time: 0.10(0.13)  Batch time: 0.27(0.31)
2025-03-25 18:21:49,137   INFO  
2025-03-25 18:21:50,099   INFO  Train:   31/80 ( 39%) [   0/25 (  0%)]  Loss: 2.397 (2.40)  LR: 2.974e-03  Time cost: 00:00/00:17 [04:11/14:49]  Acc_iter 751         Data time: 0.38(0.38)  Forward time: 0.17(0.17)  Batch time: 0.55(0.55)
2025-03-25 18:21:57,098   INFO  Train:   31/80 ( 39%) [  24/25 ( 96%)]  Loss: 2.418 (1.81)  LR: 2.993e-03  Time cost: 00:07/00:00 [04:18/06:18]  Acc_iter 775         Data time: 0.17(0.18)  Forward time: 0.09(0.13)  Batch time: 0.26(0.30)
2025-03-25 18:21:58,064   INFO  Train:   32/80 ( 40%) [   0/25 (  0%)]  Loss: 1.957 (1.96)  LR: 2.993e-03  Time cost: 00:00/00:18 [04:19/14:51]  Acc_iter 776         Data time: 0.39(0.39)  Forward time: 0.18(0.18)  Batch time: 0.57(0.57)
2025-03-25 18:22:05,091   INFO  Train:   32/80 ( 40%) [  24/25 ( 96%)]  Loss: 2.436 (1.83)  LR: 3.000e-03  Time cost: 00:07/00:00 [04:26/06:12]  Acc_iter 800         Data time: 0.17(0.18)  Forward time: 0.10(0.13)  Batch time: 0.26(0.30)
2025-03-25 18:22:06,052   INFO  Train:   33/80 ( 41%) [   0/25 (  0%)]  Loss: 1.849 (1.85)  LR: 3.000e-03  Time cost: 00:00/00:18 [04:27/14:27]  Acc_iter 801         Data time: 0.40(0.40)  Forward time: 0.17(0.17)  Batch time: 0.57(0.57)
2025-03-25 18:22:13,078   INFO  Train:   33/80 ( 41%) [  24/25 ( 96%)]  Loss: 3.368 (1.64)  LR: 2.997e-03  Time cost: 00:07/00:00 [04:34/06:04]  Acc_iter 825         Data time: 0.17(0.18)  Forward time: 0.10(0.13)  Batch time: 0.26(0.30)
2025-03-25 18:22:14,055   INFO  Train:   34/80 ( 42%) [   0/25 (  0%)]  Loss: 1.524 (1.52)  LR: 2.997e-03  Time cost: 00:00/00:18 [04:35/14:15]  Acc_iter 826         Data time: 0.41(0.41)  Forward time: 0.16(0.16)  Batch time: 0.57(0.57)
2025-03-25 18:22:21,091   INFO  Train:   34/80 ( 42%) [  24/25 ( 96%)]  Loss: 1.966 (1.72)  LR: 2.988e-03  Time cost: 00:07/00:00 [04:42/05:57]  Acc_iter 850         Data time: 0.17(0.18)  Forward time: 0.10(0.13)  Batch time: 0.26(0.31)
2025-03-25 18:22:22,044   INFO  Train:   35/80 ( 44%) [   0/25 (  0%)]  Loss: 1.860 (1.86)  LR: 2.987e-03  Time cost: 00:00/00:17 [04:43/13:37]  Acc_iter 851         Data time: 0.39(0.39)  Forward time: 0.16(0.16)  Batch time: 0.55(0.55)
2025-03-25 18:22:29,098   INFO  Train:   35/80 ( 44%) [  24/25 ( 96%)]  Loss: 1.526 (1.63)  LR: 2.972e-03  Time cost: 00:07/00:00 [04:50/05:49]  Acc_iter 875         Data time: 0.17(0.18)  Forward time: 0.10(0.13)  Batch time: 0.27(0.31)
2025-03-25 18:22:30,082   INFO  Train:   36/80 ( 45%) [   0/25 (  0%)]  Loss: 1.632 (1.63)  LR: 2.971e-03  Time cost: 00:00/00:18 [04:51/13:52]  Acc_iter 876         Data time: 0.43(0.43)  Forward time: 0.15(0.15)  Batch time: 0.58(0.58)
2025-03-25 18:22:37,184   INFO  Train:   36/80 ( 45%) [  24/25 ( 96%)]  Loss: 1.613 (1.57)  LR: 2.950e-03  Time cost: 00:07/00:00 [04:58/05:45]  Acc_iter 900         Data time: 0.17(0.18)  Forward time: 0.10(0.13)  Batch time: 0.27(0.31)
2025-03-25 18:22:37,191   INFO  
2025-03-25 18:22:38,211   INFO  Train:   37/80 ( 46%) [   0/25 (  0%)]  Loss: 1.401 (1.40)  LR: 2.949e-03  Time cost: 00:00/00:18 [04:59/13:53]  Acc_iter 901         Data time: 0.44(0.44)  Forward time: 0.15(0.15)  Batch time: 0.59(0.59)
2025-03-25 18:22:45,247   INFO  Train:   37/80 ( 46%) [  24/25 ( 96%)]  Loss: 1.318 (1.72)  LR: 2.922e-03  Time cost: 00:07/00:00 [05:06/05:35]  Acc_iter 925         Data time: 0.17(0.18)  Forward time: 0.10(0.13)  Batch time: 0.26(0.31)
2025-03-25 18:22:46,239   INFO  Train:   38/80 ( 48%) [   0/25 (  0%)]  Loss: 1.799 (1.80)  LR: 2.920e-03  Time cost: 00:00/00:18 [05:07/13:16]  Acc_iter 926         Data time: 0.42(0.42)  Forward time: 0.16(0.16)  Batch time: 0.58(0.58)
2025-03-25 18:22:53,342   INFO  Train:   38/80 ( 48%) [  24/25 ( 96%)]  Loss: 1.347 (1.69)  LR: 2.887e-03  Time cost: 00:07/00:00 [05:14/05:29]  Acc_iter 950         Data time: 0.17(0.18)  Forward time: 0.10(0.13)  Batch time: 0.27(0.31)
2025-03-25 18:22:54,303   INFO  Train:   39/80 ( 49%) [   0/25 (  0%)]  Loss: 1.836 (1.84)  LR: 2.886e-03  Time cost: 00:00/00:17 [05:15/12:30]  Acc_iter 951         Data time: 0.39(0.39)  Forward time: 0.16(0.16)  Batch time: 0.56(0.56)
2025-03-25 18:23:01,315   INFO  Train:   39/80 ( 49%) [  24/25 ( 96%)]  Loss: 1.232 (1.67)  LR: 2.847e-03  Time cost: 00:07/00:00 [05:22/05:17]  Acc_iter 975         Data time: 0.17(0.18)  Forward time: 0.10(0.13)  Batch time: 0.27(0.30)
2025-03-25 18:23:02,289   INFO  Train:   40/80 ( 50%) [   0/25 (  0%)]  Loss: 0.9279 (0.928)  LR: 2.845e-03  Time cost: 00:00/00:18 [05:23/12:31]  Acc_iter 976         Data time: 0.43(0.43)  Forward time: 0.14(0.14)  Batch time: 0.57(0.57)
2025-03-25 18:23:09,343   INFO  Train:   40/80 ( 50%) [  24/25 ( 96%)]  Loss: 1.602 (1.53)  LR: 2.801e-03  Time cost: 00:07/00:00 [05:30/05:11]  Acc_iter 1000        Data time: 0.17(0.18)  Forward time: 0.10(0.13)  Batch time: 0.26(0.31)
2025-03-25 18:23:10,298   INFO  Train:   41/80 ( 51%) [   0/25 (  0%)]  Loss: 1.903 (1.90)  LR: 2.799e-03  Time cost: 00:00/00:17 [05:31/11:50]  Acc_iter 1001        Data time: 0.40(0.40)  Forward time: 0.14(0.14)  Batch time: 0.55(0.55)
2025-03-25 18:23:17,333   INFO  Train:   41/80 ( 51%) [  24/25 ( 96%)]  Loss: 1.190 (1.67)  LR: 2.749e-03  Time cost: 00:07/00:00 [05:38/05:02]  Acc_iter 1025        Data time: 0.17(0.18)  Forward time: 0.10(0.13)  Batch time: 0.27(0.30)
2025-03-25 18:23:18,332   INFO  Train:   42/80 ( 52%) [   0/25 (  0%)]  Loss: 2.229 (2.23)  LR: 2.747e-03  Time cost: 00:00/00:18 [05:39/12:14]  Acc_iter 1026        Data time: 0.40(0.40)  Forward time: 0.19(0.19)  Batch time: 0.59(0.59)
2025-03-25 18:23:25,422   INFO  Train:   42/80 ( 52%) [  24/25 ( 96%)]  Loss: 1.343 (1.62)  LR: 2.692e-03  Time cost: 00:07/00:00 [05:46/04:58]  Acc_iter 1050        Data time: 0.17(0.18)  Forward time: 0.10(0.13)  Batch time: 0.27(0.31)
2025-03-25 18:23:25,429   INFO  
2025-03-25 18:23:26,407   INFO  Train:   43/80 ( 54%) [   0/25 (  0%)]  Loss: 1.550 (1.55)  LR: 2.690e-03  Time cost: 00:00/00:17 [05:47/11:13]  Acc_iter 1051        Data time: 0.38(0.38)  Forward time: 0.17(0.17)  Batch time: 0.55(0.55)
2025-03-25 18:23:33,436   INFO  Train:   43/80 ( 54%) [  24/25 ( 96%)]  Loss: 1.076 (1.54)  LR: 2.630e-03  Time cost: 00:07/00:00 [05:54/04:46]  Acc_iter 1075        Data time: 0.17(0.18)  Forward time: 0.10(0.13)  Batch time: 0.27(0.30)
2025-03-25 18:23:34,395   INFO  Train:   44/80 ( 55%) [   0/25 (  0%)]  Loss: 1.704 (1.70)  LR: 2.628e-03  Time cost: 00:00/00:17 [05:55/11:00]  Acc_iter 1076        Data time: 0.40(0.40)  Forward time: 0.15(0.15)  Batch time: 0.55(0.55)
2025-03-25 18:23:41,422   INFO  Train:   44/80 ( 55%) [  24/25 ( 96%)]  Loss: 2.325 (1.57)  LR: 2.563e-03  Time cost: 00:07/00:00 [06:02/04:38]  Acc_iter 1100        Data time: 0.17(0.18)  Forward time: 0.10(0.13)  Batch time: 0.26(0.30)
2025-03-25 18:23:42,400   INFO  Train:   45/80 ( 56%) [   0/25 (  0%)]  Loss: 1.406 (1.41)  LR: 2.561e-03  Time cost: 00:00/00:18 [06:03/10:58]  Acc_iter 1101        Data time: 0.43(0.43)  Forward time: 0.15(0.15)  Batch time: 0.58(0.58)
2025-03-25 18:23:49,501   INFO  Train:   45/80 ( 56%) [  24/25 ( 96%)]  Loss: 1.950 (1.62)  LR: 2.492e-03  Time cost: 00:07/00:00 [06:10/04:34]  Acc_iter 1125        Data time: 0.17(0.18)  Forward time: 0.09(0.13)  Batch time: 0.26(0.31)
2025-03-25 18:23:50,451   INFO  Train:   46/80 ( 58%) [   0/25 (  0%)]  Loss: 1.245 (1.25)  LR: 2.489e-03  Time cost: 00:00/00:17 [06:11/10:19]  Acc_iter 1126        Data time: 0.38(0.38)  Forward time: 0.17(0.17)  Batch time: 0.54(0.54)
2025-03-25 18:23:57,473   INFO  Train:   46/80 ( 58%) [  24/25 ( 96%)]  Loss: 1.843 (1.51)  LR: 2.416e-03  Time cost: 00:07/00:00 [06:18/04:23]  Acc_iter 1150        Data time: 0.17(0.18)  Forward time: 0.10(0.13)  Batch time: 0.27(0.30)
2025-03-25 18:23:58,454   INFO  Train:   47/80 ( 59%) [   0/25 (  0%)]  Loss: 1.575 (1.57)  LR: 2.413e-03  Time cost: 00:00/00:18 [06:19/10:21]  Acc_iter 1151        Data time: 0.43(0.43)  Forward time: 0.15(0.15)  Batch time: 0.57(0.57)
2025-03-25 18:24:05,491   INFO  Train:   47/80 ( 59%) [  24/25 ( 96%)]  Loss: 1.284 (1.47)  LR: 2.337e-03  Time cost: 00:07/00:00 [06:26/04:16]  Acc_iter 1175        Data time: 0.17(0.18)  Forward time: 0.10(0.13)  Batch time: 0.27(0.31)
2025-03-25 18:24:06,461   INFO  Train:   48/80 ( 60%) [   0/25 (  0%)]  Loss: 1.231 (1.23)  LR: 2.333e-03  Time cost: 00:00/00:18 [06:27/10:01]  Acc_iter 1176        Data time: 0.41(0.41)  Forward time: 0.17(0.17)  Batch time: 0.57(0.57)
2025-03-25 18:24:13,522   INFO  Train:   48/80 ( 60%) [  24/25 ( 96%)]  Loss: 1.600 (1.53)  LR: 2.253e-03  Time cost: 00:07/00:00 [06:34/04:09]  Acc_iter 1200        Data time: 0.17(0.18)  Forward time: 0.10(0.13)  Batch time: 0.27(0.31)
2025-03-25 18:24:13,530   INFO  
2025-03-25 18:24:14,503   INFO  Train:   49/80 ( 61%) [   0/25 (  0%)]  Loss: 1.937 (1.94)  LR: 2.250e-03  Time cost: 00:00/00:17 [06:35/09:25]  Acc_iter 1201        Data time: 0.36(0.36)  Forward time: 0.18(0.18)  Batch time: 0.54(0.54)
2025-03-25 18:24:21,531   INFO  Train:   49/80 ( 61%) [  24/25 ( 96%)]  Loss: 0.8852 (1.45)  LR: 2.167e-03  Time cost: 00:07/00:00 [06:42/04:00]  Acc_iter 1225        Data time: 0.17(0.18)  Forward time: 0.10(0.13)  Batch time: 0.27(0.30)
2025-03-25 18:24:22,495   INFO  Train:   50/80 ( 62%) [   0/25 (  0%)]  Loss: 1.614 (1.61)  LR: 2.163e-03  Time cost: 00:00/00:18 [06:43/09:24]  Acc_iter 1226        Data time: 0.41(0.41)  Forward time: 0.16(0.16)  Batch time: 0.57(0.57)
2025-03-25 18:24:29,540   INFO  Train:   50/80 ( 62%) [  24/25 ( 96%)]  Loss: 0.8313 (1.44)  LR: 2.078e-03  Time cost: 00:07/00:00 [06:50/03:53]  Acc_iter 1250        Data time: 0.17(0.18)  Forward time: 0.10(0.13)  Batch time: 0.27(0.31)
2025-03-25 18:24:30,504   INFO  Train:   51/80 ( 64%) [   0/25 (  0%)]  Loss: 0.9120 (0.912)  LR: 2.074e-03  Time cost: 00:00/00:18 [06:51/09:06]  Acc_iter 1251        Data time: 0.41(0.41)  Forward time: 0.17(0.17)  Batch time: 0.57(0.57)
2025-03-25 18:24:37,532   INFO  Train:   51/80 ( 64%) [  24/25 ( 96%)]  Loss: 1.084 (1.39)  LR: 1.986e-03  Time cost: 00:07/00:00 [06:58/03:45]  Acc_iter 1275        Data time: 0.17(0.18)  Forward time: 0.10(0.13)  Batch time: 0.27(0.31)
2025-03-25 18:24:38,479   INFO  Train:   52/80 ( 65%) [   0/25 (  0%)]  Loss: 1.321 (1.32)  LR: 1.982e-03  Time cost: 00:00/00:17 [06:59/08:33]  Acc_iter 1276        Data time: 0.39(0.39)  Forward time: 0.16(0.16)  Batch time: 0.55(0.55)
2025-03-25 18:24:45,507   INFO  Train:   52/80 ( 65%) [  24/25 ( 96%)]  Loss: 2.121 (1.40)  LR: 1.892e-03  Time cost: 00:07/00:00 [07:06/03:36]  Acc_iter 1300        Data time: 0.17(0.18)  Forward time: 0.10(0.13)  Batch time: 0.27(0.30)
2025-03-25 18:24:46,480   INFO  Train:   53/80 ( 66%) [   0/25 (  0%)]  Loss: 1.369 (1.37)  LR: 1.888e-03  Time cost: 00:00/00:18 [07:07/08:30]  Acc_iter 1301        Data time: 0.37(0.37)  Forward time: 0.19(0.19)  Batch time: 0.57(0.57)
2025-03-25 18:24:53,510   INFO  Train:   53/80 ( 66%) [  24/25 ( 96%)]  Loss: 1.921 (1.34)  LR: 1.796e-03  Time cost: 00:07/00:00 [07:14/03:29]  Acc_iter 1325        Data time: 0.17(0.18)  Forward time: 0.10(0.13)  Batch time: 0.27(0.31)
2025-03-25 18:24:54,491   INFO  Train:   54/80 ( 68%) [   0/25 (  0%)]  Loss: 1.697 (1.70)  LR: 1.793e-03  Time cost: 00:00/00:18 [07:15/08:17]  Acc_iter 1326        Data time: 0.42(0.42)  Forward time: 0.15(0.15)  Batch time: 0.58(0.58)
2025-03-25 18:25:01,504   INFO  Train:   54/80 ( 68%) [  24/25 ( 96%)]  Loss: 0.9571 (1.36)  LR: 1.700e-03  Time cost: 00:07/00:00 [07:22/03:21]  Acc_iter 1350        Data time: 0.17(0.18)  Forward time: 0.10(0.13)  Batch time: 0.27(0.30)
2025-03-25 18:25:01,511   INFO  
2025-03-25 18:25:02,504   INFO  Train:   55/80 ( 69%) [   0/25 (  0%)]  Loss: 1.310 (1.31)  LR: 1.696e-03  Time cost: 00:00/00:18 [07:23/07:49]  Acc_iter 1351        Data time: 0.39(0.39)  Forward time: 0.17(0.17)  Batch time: 0.56(0.56)
2025-03-25 18:25:09,515   INFO  Train:   55/80 ( 69%) [  24/25 ( 96%)]  Loss: 1.450 (1.35)  LR: 1.602e-03  Time cost: 00:07/00:00 [07:30/03:13]  Acc_iter 1375        Data time: 0.17(0.18)  Forward time: 0.10(0.13)  Batch time: 0.27(0.30)
2025-03-25 18:25:10,495   INFO  Train:   56/80 ( 70%) [   0/25 (  0%)]  Loss: 0.8863 (0.886)  LR: 1.598e-03  Time cost: 00:00/00:18 [07:31/07:44]  Acc_iter 1376        Data time: 0.43(0.43)  Forward time: 0.15(0.15)  Batch time: 0.58(0.58)
2025-03-25 18:25:17,516   INFO  Train:   56/80 ( 70%) [  24/25 ( 96%)]  Loss: 1.675 (1.30)  LR: 1.504e-03  Time cost: 00:07/00:00 [07:38/03:06]  Acc_iter 1400        Data time: 0.17(0.18)  Forward time: 0.10(0.13)  Batch time: 0.27(0.31)
2025-03-25 18:25:18,473   INFO  Train:   57/80 ( 71%) [   0/25 (  0%)]  Loss: 0.9419 (0.942)  LR: 1.500e-03  Time cost: 00:00/00:17 [07:39/07:10]  Acc_iter 1401        Data time: 0.38(0.38)  Forward time: 0.17(0.17)  Batch time: 0.56(0.56)
2025-03-25 18:25:25,497   INFO  Train:   57/80 ( 71%) [  24/25 ( 96%)]  Loss: 1.457 (1.30)  LR: 1.406e-03  Time cost: 00:07/00:00 [07:46/02:58]  Acc_iter 1425        Data time: 0.17(0.18)  Forward time: 0.10(0.13)  Batch time: 0.27(0.30)
2025-03-25 18:25:26,455   INFO  Train:   58/80 ( 72%) [   0/25 (  0%)]  Loss: 1.438 (1.44)  LR: 1.402e-03  Time cost: 00:00/00:17 [07:47/06:51]  Acc_iter 1426        Data time: 0.37(0.37)  Forward time: 0.18(0.18)  Batch time: 0.55(0.55)
2025-03-25 18:25:33,483   INFO  Train:   58/80 ( 72%) [  24/25 ( 96%)]  Loss: 1.251 (1.26)  LR: 1.308e-03  Time cost: 00:07/00:00 [07:54/02:50]  Acc_iter 1450        Data time: 0.17(0.18)  Forward time: 0.10(0.13)  Batch time: 0.27(0.30)
2025-03-25 18:25:34,453   INFO  Train:   59/80 ( 74%) [   0/25 (  0%)]  Loss: 0.8489 (0.849)  LR: 1.304e-03  Time cost: 00:00/00:18 [07:55/06:39]  Acc_iter 1451        Data time: 0.42(0.42)  Forward time: 0.15(0.15)  Batch time: 0.56(0.56)
2025-03-25 18:25:41,485   INFO  Train:   59/80 ( 74%) [  24/25 ( 96%)]  Loss: 1.022 (1.25)  LR: 1.211e-03  Time cost: 00:07/00:00 [08:02/02:43]  Acc_iter 1475        Data time: 0.17(0.18)  Forward time: 0.10(0.13)  Batch time: 0.26(0.31)
2025-03-25 18:25:42,424   INFO  Train:   60/80 ( 75%) [   0/25 (  0%)]  Loss: 2.042 (2.04)  LR: 1.207e-03  Time cost: 00:00/00:17 [08:03/06:04]  Acc_iter 1476        Data time: 0.36(0.36)  Forward time: 0.18(0.18)  Batch time: 0.54(0.54)
2025-03-25 18:25:49,443   INFO  Train:   60/80 ( 75%) [  24/25 ( 96%)]  Loss: 0.8172 (1.27)  LR: 1.116e-03  Time cost: 00:07/00:00 [08:10/02:34]  Acc_iter 1500        Data time: 0.17(0.18)  Forward time: 0.10(0.13)  Batch time: 0.27(0.30)
2025-03-25 18:25:49,450   INFO  
2025-03-25 18:25:50,444   INFO  Train:   61/80 ( 76%) [   0/25 (  0%)]  Loss: 1.239 (1.24)  LR: 1.112e-03  Time cost: 00:00/00:18 [08:11/06:04]  Acc_iter 1501        Data time: 0.41(0.41)  Forward time: 0.17(0.17)  Batch time: 0.57(0.57)
2025-03-25 18:25:57,451   INFO  Train:   61/80 ( 76%) [  24/25 ( 96%)]  Loss: 1.083 (1.18)  LR: 1.022e-03  Time cost: 00:07/00:00 [08:18/02:27]  Acc_iter 1525        Data time: 0.17(0.18)  Forward time: 0.10(0.13)  Batch time: 0.26(0.30)
2025-03-25 18:25:58,440   INFO  Train:   62/80 ( 78%) [   0/25 (  0%)]  Loss: 1.009 (1.01)  LR: 1.018e-03  Time cost: 00:00/00:18 [08:19/05:47]  Acc_iter 1526        Data time: 0.40(0.40)  Forward time: 0.17(0.17)  Batch time: 0.57(0.57)
2025-03-25 18:26:05,466   INFO  Train:   62/80 ( 78%) [  24/25 ( 96%)]  Loss: 1.195 (1.32)  LR: 9.296e-04  Time cost: 00:07/00:00 [08:26/02:19]  Acc_iter 1550        Data time: 0.17(0.18)  Forward time: 0.10(0.13)  Batch time: 0.27(0.31)
2025-03-25 18:26:06,400   INFO  Train:   63/80 ( 79%) [   0/25 (  0%)]  Loss: 2.384 (2.38)  LR: 9.260e-04  Time cost: 00:00/00:17 [08:27/05:10]  Acc_iter 1551        Data time: 0.36(0.36)  Forward time: 0.17(0.17)  Batch time: 0.54(0.54)
2025-03-25 18:26:13,437   INFO  Train:   63/80 ( 79%) [  24/25 ( 96%)]  Loss: 1.472 (1.21)  LR: 8.401e-04  Time cost: 00:07/00:00 [08:34/02:11]  Acc_iter 1575        Data time: 0.17(0.18)  Forward time: 0.10(0.13)  Batch time: 0.27(0.30)
2025-03-25 18:26:14,388   INFO  Train:   64/80 ( 80%) [   0/25 (  0%)]  Loss: 1.062 (1.06)  LR: 8.366e-04  Time cost: 00:00/00:17 [08:35/04:58]  Acc_iter 1576        Data time: 0.37(0.37)  Forward time: 0.17(0.17)  Batch time: 0.54(0.54)
2025-03-25 18:26:21,415   INFO  Train:   64/80 ( 80%) [  24/25 ( 96%)]  Loss: 1.362 (1.28)  LR: 7.534e-04  Time cost: 00:07/00:00 [08:42/02:03]  Acc_iter 1600        Data time: 0.17(0.18)  Forward time: 0.10(0.13)  Batch time: 0.27(0.30)
2025-03-25 18:26:22,396   INFO  Train:   65/80 ( 81%) [   0/25 (  0%)]  Loss: 1.137 (1.14)  LR: 7.500e-04  Time cost: 00:00/00:18 [08:43/04:53]  Acc_iter 1601        Data time: 0.43(0.43)  Forward time: 0.15(0.15)  Batch time: 0.57(0.57)
2025-03-25 18:26:29,397   INFO  Train:   65/80 ( 81%) [  24/25 ( 96%)]  Loss: 0.6186 (1.27)  LR: 6.699e-04  Time cost: 00:07/00:00 [08:50/01:56]  Acc_iter 1625        Data time: 0.17(0.18)  Forward time: 0.10(0.13)  Batch time: 0.27(0.30)
2025-03-25 18:26:30,367   INFO  Train:   66/80 ( 82%) [   0/25 (  0%)]  Loss: 0.9583 (0.958)  LR: 6.667e-04  Time cost: 00:00/00:18 [08:51/04:30]  Acc_iter 1626        Data time: 0.37(0.37)  Forward time: 0.19(0.19)  Batch time: 0.56(0.56)
2025-03-25 18:26:37,397   INFO  Train:   66/80 ( 82%) [  24/25 ( 96%)]  Loss: 1.276 (1.09)  LR: 5.900e-04  Time cost: 00:07/00:00 [08:58/01:48]  Acc_iter 1650        Data time: 0.17(0.18)  Forward time: 0.10(0.13)  Batch time: 0.27(0.31)
2025-03-25 18:26:37,404   INFO  
2025-03-25 18:26:38,445   INFO  Train:   67/80 ( 84%) [   0/25 (  0%)]  Loss: 0.4991 (0.499)  LR: 5.869e-04  Time cost: 00:00/00:19 [08:59/04:30]  Acc_iter 1651        Data time: 0.46(0.46)  Forward time: 0.15(0.15)  Batch time: 0.61(0.61)
2025-03-25 18:26:45,483   INFO  Train:   67/80 ( 84%) [  24/25 ( 96%)]  Loss: 0.6252 (1.10)  LR: 5.140e-04  Time cost: 00:07/00:00 [09:06/01:41]  Acc_iter 1675        Data time: 0.17(0.18)  Forward time: 0.10(0.13)  Batch time: 0.27(0.31)
2025-03-25 18:26:46,459   INFO  Train:   68/80 ( 85%) [   0/25 (  0%)]  Loss: 1.067 (1.07)  LR: 5.110e-04  Time cost: 00:00/00:18 [09:07/03:57]  Acc_iter 1676        Data time: 0.42(0.42)  Forward time: 0.15(0.15)  Batch time: 0.57(0.57)
2025-03-25 18:26:53,496   INFO  Train:   68/80 ( 85%) [  24/25 ( 96%)]  Loss: 1.049 (1.13)  LR: 4.421e-04  Time cost: 00:07/00:00 [09:14/01:33]  Acc_iter 1700        Data time: 0.17(0.18)  Forward time: 0.10(0.13)  Batch time: 0.27(0.31)
2025-03-25 18:26:54,464   INFO  Train:   69/80 ( 86%) [   0/25 (  0%)]  Loss: 0.7967 (0.797)  LR: 4.394e-04  Time cost: 00:00/00:18 [09:15/03:38]  Acc_iter 1701        Data time: 0.42(0.42)  Forward time: 0.14(0.14)  Batch time: 0.57(0.57)
2025-03-25 18:27:01,504   INFO  Train:   69/80 ( 86%) [  24/25 ( 96%)]  Loss: 0.9010 (1.12)  LR: 3.749e-04  Time cost: 00:07/00:00 [09:22/01:25]  Acc_iter 1725        Data time: 0.17(0.18)  Forward time: 0.10(0.13)  Batch time: 0.27(0.31)
2025-03-25 18:27:02,476   INFO  Train:   70/80 ( 88%) [   0/25 (  0%)]  Loss: 1.115 (1.11)  LR: 3.723e-04  Time cost: 00:00/00:18 [09:23/03:18]  Acc_iter 1726        Data time: 0.37(0.37)  Forward time: 0.20(0.20)  Batch time: 0.56(0.56)
2025-03-25 18:27:09,496   INFO  Train:   70/80 ( 88%) [  24/25 ( 96%)]  Loss: 0.9492 (1.19)  LR: 3.124e-04  Time cost: 00:07/00:00 [09:30/01:17]  Acc_iter 1750        Data time: 0.17(0.18)  Forward time: 0.10(0.13)  Batch time: 0.27(0.30)
2025-03-25 18:27:10,486   INFO  Train:   71/80 ( 89%) [   0/25 (  0%)]  Loss: 0.8640 (0.864)  LR: 3.100e-04  Time cost: 00:00/00:18 [09:31/03:03]  Acc_iter 1751        Data time: 0.43(0.43)  Forward time: 0.14(0.14)  Batch time: 0.57(0.57)
2025-03-25 18:27:17,547   INFO  Train:   71/80 ( 89%) [  24/25 ( 96%)]  Loss: 1.388 (1.14)  LR: 2.550e-04  Time cost: 00:07/00:00 [09:38/01:10]  Acc_iter 1775        Data time: 0.17(0.18)  Forward time: 0.10(0.13)  Batch time: 0.26(0.31)
2025-03-25 18:27:18,521   INFO  Train:   72/80 ( 90%) [   0/25 (  0%)]  Loss: 1.281 (1.28)  LR: 2.528e-04  Time cost: 00:00/00:18 [09:39/02:43]  Acc_iter 1776        Data time: 0.41(0.41)  Forward time: 0.15(0.15)  Batch time: 0.56(0.56)
2025-03-25 18:27:25,544   INFO  Train:   72/80 ( 90%) [  24/25 ( 96%)]  Loss: 0.9499 (1.18)  LR: 2.030e-04  Time cost: 00:07/00:00 [09:46/01:02]  Acc_iter 1800        Data time: 0.17(0.18)  Forward time: 0.10(0.13)  Batch time: 0.27(0.30)
2025-03-25 18:27:25,551   INFO  
2025-03-25 18:27:26,534   INFO  Train:   73/80 ( 91%) [   0/25 (  0%)]  Loss: 1.859 (1.86)  LR: 2.010e-04  Time cost: 00:00/00:18 [09:47/02:24]  Acc_iter 1801        Data time: 0.38(0.38)  Forward time: 0.18(0.18)  Batch time: 0.56(0.56)
2025-03-25 18:27:33,562   INFO  Train:   73/80 ( 91%) [  24/25 ( 96%)]  Loss: 1.001 (1.10)  LR: 1.565e-04  Time cost: 00:07/00:00 [09:54/00:54]  Acc_iter 1825        Data time: 0.17(0.18)  Forward time: 0.10(0.13)  Batch time: 0.27(0.31)
2025-03-25 18:27:34,509   INFO  Train:   74/80 ( 92%) [   0/25 (  0%)]  Loss: 1.075 (1.08)  LR: 1.547e-04  Time cost: 00:00/00:17 [09:55/02:03]  Acc_iter 1826        Data time: 0.36(0.36)  Forward time: 0.18(0.18)  Batch time: 0.54(0.54)
2025-03-25 18:27:41,557   INFO  Train:   74/80 ( 92%) [  24/25 ( 96%)]  Loss: 2.340 (1.12)  LR: 1.157e-04  Time cost: 00:07/00:00 [10:02/00:46]  Acc_iter 1850        Data time: 0.17(0.18)  Forward time: 0.10(0.13)  Batch time: 0.27(0.31)
2025-03-25 18:27:42,553   INFO  Train:   75/80 ( 94%) [   0/25 (  0%)]  Loss: 1.526 (1.53)  LR: 1.142e-04  Time cost: 00:00/00:18 [10:03/01:51]  Acc_iter 1851        Data time: 0.41(0.41)  Forward time: 0.17(0.17)  Batch time: 0.58(0.58)
2025-03-25 18:27:49,604   INFO  Train:   75/80 ( 94%) [  24/25 ( 96%)]  Loss: 0.7467 (1.16)  LR: 8.090e-05  Time cost: 00:07/00:00 [10:10/00:39]  Acc_iter 1875        Data time: 0.17(0.18)  Forward time: 0.10(0.13)  Batch time: 0.27(0.31)
2025-03-25 18:27:50,595   INFO  Train:   76/80 ( 95%) [   0/25 (  0%)]  Loss: 0.6816 (0.682)  LR: 7.963e-05  Time cost: 00:00/00:18 [10:11/01:32]  Acc_iter 1876        Data time: 0.43(0.43)  Forward time: 0.14(0.14)  Batch time: 0.58(0.58)
2025-03-25 18:27:57,620   INFO  Train:   76/80 ( 95%) [  24/25 ( 96%)]  Loss: 0.9574 (1.16)  LR: 5.216e-05  Time cost: 00:07/00:00 [10:18/00:31]  Acc_iter 1900        Data time: 0.17(0.18)  Forward time: 0.10(0.13)  Batch time: 0.27(0.31)
2025-03-25 18:27:58,593   INFO  Train:   77/80 ( 96%) [   0/25 (  0%)]  Loss: 1.175 (1.17)  LR: 5.114e-05  Time cost: 00:00/00:18 [10:19/01:12]  Acc_iter 1901        Data time: 0.41(0.41)  Forward time: 0.16(0.16)  Batch time: 0.56(0.56)
2025-03-25 18:28:05,610   INFO  Train:   77/80 ( 96%) [  24/25 ( 96%)]  Loss: 1.410 (1.18)  LR: 2.962e-05  Time cost: 00:07/00:00 [10:26/00:23]  Acc_iter 1925        Data time: 0.17(0.18)  Forward time: 0.10(0.13)  Batch time: 0.27(0.30)
2025-03-25 18:28:06,619   INFO  Train:   78/80 ( 98%) [   0/25 (  0%)]  Loss: 0.6822 (0.682)  LR: 2.885e-05  Time cost: 00:00/00:18 [10:27/00:56]  Acc_iter 1926        Data time: 0.44(0.44)  Forward time: 0.14(0.14)  Batch time: 0.58(0.58)
2025-03-25 18:28:13,642   INFO  Train:   78/80 ( 98%) [  24/25 ( 96%)]  Loss: 1.605 (1.19)  LR: 1.338e-05  Time cost: 00:07/00:00 [10:34/00:15]  Acc_iter 1950        Data time: 0.17(0.18)  Forward time: 0.10(0.13)  Batch time: 0.27(0.31)
2025-03-25 18:28:13,649   INFO  
2025-03-25 18:28:14,620   INFO  Train:   79/80 ( 99%) [   0/25 (  0%)]  Loss: 1.225 (1.22)  LR: 1.286e-05  Time cost: 00:00/00:17 [10:35/00:35]  Acc_iter 1951        Data time: 0.36(0.36)  Forward time: 0.17(0.17)  Batch time: 0.54(0.54)
2025-03-25 18:28:21,684   INFO  Train:   79/80 ( 99%) [  24/25 ( 96%)]  Loss: 0.9847 (1.10)  LR: 3.504e-06  Time cost: 00:07/00:00 [10:42/00:08]  Acc_iter 1975        Data time: 0.17(0.18)  Forward time: 0.11(0.13)  Batch time: 0.28(0.31)
2025-03-25 18:28:22,665   INFO  Train:   80/80 (100%) [   0/25 (  0%)]  Loss: 0.7158 (0.716)  LR: 3.242e-06  Time cost: 00:00/00:18 [10:43/00:18]  Acc_iter 1976        Data time: 0.37(0.37)  Forward time: 0.20(0.20)  Batch time: 0.58(0.58)
2025-03-25 18:28:29,732   INFO  Train:   80/80 (100%) [  24/25 ( 96%)]  Loss: 1.605 (1.15)  LR: 3.514e-08  Time cost: 00:07/00:00 [10:50/00:00]  Acc_iter 2000        Data time: 0.17(0.18)  Forward time: 0.10(0.13)  Batch time: 0.27(0.31)
2025-03-25 18:28:29,924   INFO  **********************End training home/vintecc/Vision.Mono/projects/Vision.PointCloudAI/submodules/OpenPcdet/tools/cfgs/custom_models/second(default)**********************



2025-03-25 18:28:29,924   INFO  **********************Start evaluation home/vintecc/Vision.Mono/projects/Vision.PointCloudAI/submodules/OpenPcdet/tools/cfgs/custom_models/second(default)**********************
2025-03-25 18:28:29,924   INFO  Loading Custom dataset.
2025-03-25 18:28:29,925   INFO  Total samples for CUSTOM dataset: 49
2025-03-25 18:28:29,926   INFO  ==> Loading parameters from checkpoint /home/vintecc/Vision.Mono/projects/Vision.PointCloudAI/submodules/OpenPcdet/output/home/vintecc/Vision.Mono/projects/Vision.PointCloudAI/submodules/OpenPcdet/tools/cfgs/custom_models/second/default/ckpt/checkpoint_epoch_80.pth to GPU
2025-03-25 18:28:29,969   INFO  ==> Checkpoint trained from version: pcdet+0.6.0+8caccce
2025-03-25 18:28:29,973   INFO  ==> Done (loaded 163/163)
2025-03-25 18:28:29,975   INFO  *************** EPOCH 80 EVALUATION *****************
2025-03-25 18:28:31,881   INFO  *************** Performance of EPOCH 80 *****************
2025-03-25 18:28:31,881   INFO  Generate label finished(sec_per_example: 0.0389 second).
2025-03-25 18:28:31,881   INFO  recall_roi_0.3: 0.000000
2025-03-25 18:28:31,881   INFO  recall_rcnn_0.3: 0.325000
2025-03-25 18:28:31,881   INFO  recall_roi_0.5: 0.000000
2025-03-25 18:28:31,881   INFO  recall_rcnn_0.5: 0.075000
2025-03-25 18:28:31,881   INFO  recall_roi_0.7: 0.000000
2025-03-25 18:28:31,881   INFO  recall_rcnn_0.7: 0.008333
2025-03-25 18:28:31,881   INFO  Average predicted number of objects(49 samples): 81.857
2025-03-25 18:28:36,851   INFO  Car AP@0.70, 0.70, 0.70:
bbox AP:0.0000, 0.0000, 0.0000
bev  AP:0.0000, 0.0000, 0.0000
3d   AP:0.0000, 0.0000, 0.0000
aos  AP:0.00, 0.00, 0.00
Car AP_R40@0.70, 0.70, 0.70:
bbox AP:0.0000, 0.0000, 0.0000
bev  AP:0.0000, 0.0000, 0.0000
3d   AP:0.0000, 0.0000, 0.0000
aos  AP:0.00, 0.00, 0.00
Car AP@0.70, 0.50, 0.50:
bbox AP:0.0000, 0.0000, 0.0000
bev  AP:0.0000, 0.0000, 0.0000
3d   AP:0.0000, 0.0000, 0.0000
aos  AP:0.00, 0.00, 0.00
Car AP_R40@0.70, 0.50, 0.50:
bbox AP:0.0000, 0.0000, 0.0000
bev  AP:0.0000, 0.0000, 0.0000
3d   AP:0.0000, 0.0000, 0.0000
aos  AP:0.00, 0.00, 0.00
Pedestrian AP@0.50, 0.50, 0.50:
bbox AP:89.2547, 89.2547, 89.2547
bev  AP:0.1219, 0.1219, 0.1219
3d   AP:0.0918, 0.0918, 0.0918
aos  AP:44.04, 44.04, 44.04
Pedestrian AP_R40@0.50, 0.50, 0.50:
bbox AP:90.3805, 90.3805, 90.3805
bev  AP:0.0403, 0.0403, 0.0403
3d   AP:0.0285, 0.0285, 0.0285
aos  AP:44.65, 44.65, 44.65
Pedestrian AP@0.50, 0.25, 0.25:
bbox AP:89.2547, 89.2547, 89.2547
bev  AP:0.8363, 0.8363, 0.8363
3d   AP:0.7522, 0.7522, 0.7522
aos  AP:44.04, 44.04, 44.04
Pedestrian AP_R40@0.50, 0.25, 0.25:
bbox AP:90.3805, 90.3805, 90.3805
bev  AP:0.8056, 0.8056, 0.8056
3d   AP:0.7661, 0.7661, 0.7661
aos  AP:44.65, 44.65, 44.65
Cyclist AP@0.50, 0.50, 0.50:
bbox AP:0.0000, 0.0000, 0.0000
bev  AP:0.0000, 0.0000, 0.0000
3d   AP:0.0000, 0.0000, 0.0000
aos  AP:0.00, 0.00, 0.00
Cyclist AP_R40@0.50, 0.50, 0.50:
bbox AP:0.0000, 0.0000, 0.0000
bev  AP:0.0000, 0.0000, 0.0000
3d   AP:0.0000, 0.0000, 0.0000
aos  AP:0.00, 0.00, 0.00
Cyclist AP@0.50, 0.25, 0.25:
bbox AP:0.0000, 0.0000, 0.0000
bev  AP:0.0000, 0.0000, 0.0000
3d   AP:0.0000, 0.0000, 0.0000
aos  AP:0.00, 0.00, 0.00
Cyclist AP_R40@0.50, 0.25, 0.25:
bbox AP:0.0000, 0.0000, 0.0000
bev  AP:0.0000, 0.0000, 0.0000
3d   AP:0.0000, 0.0000, 0.0000
aos  AP:0.00, 0.00, 0.00

2025-03-25 18:28:36,851   INFO  Result is saved to /home/vintecc/Vision.Mono/projects/Vision.PointCloudAI/submodules/OpenPcdet/output/home/vintecc/Vision.Mono/projects/Vision.PointCloudAI/submodules/OpenPcdet/tools/cfgs/custom_models/second/default/eval/eval_with_train/epoch_80/val
2025-03-25 18:28:36,851   INFO  ****************Evaluation done.*****************
2025-03-25 18:28:36,855   INFO  Epoch 80 has been evaluated
2025-03-25 18:29:06,874   INFO  **********************End evaluation home/vintecc/Vision.Mono/projects/Vision.PointCloudAI/submodules/OpenPcdet/tools/cfgs/custom_models/second(default)**********************
